// Jest Snapshot v1, https://goo.gl/fbAQLP

exports[`render App component without crash 1`] = `
Object {
  "asFragment": [Function],
  "baseElement": <body>
    <div>
      <div
        class="App"
      >
        <div
          class="sc-iBPTik spnJh"
        >
          <div
            class="sc-fubCzh hTpBVi"
          >
            <div
              class="sc-hKgJUU fomNMZ"
            >
              <button
                class="sc-dlfnuX isYWZy"
              />
              <button
                class="sc-dlfnuX isYWZy"
              />
              <button
                class="sc-dlfnuX isYWZy"
              />
              <button
                class="sc-dlfnuX isYWZy"
              />
              <button
                class="sc-dlfnuX isYWZy"
              />
              <button
                class="sc-dlfnuX isYWZy"
              />
              <button
                class="sc-dlfnuX isYWZy"
              />
              <button
                class="sc-dlfnuX isYWZy"
              />
              <button
                class="sc-dlfnuX isYWZy"
              />
            </div>
            <div
              class="sc-eCstlR fQbJtK"
            >
              <button
                class="sc-jSgvzq bXgwQG"
              >
                ↻
              </button>
            </div>
          </div>
          <p
            class="sc-gKseQn bfNwkI"
          >
            Next player: X
          </p>
        </div>
      </div>
    </div>
  </body>,
  "container": <div>
    <div
      class="App"
    >
      <div
        class="sc-iBPTik spnJh"
      >
        <div
          class="sc-fubCzh hTpBVi"
        >
          <div
            class="sc-hKgJUU fomNMZ"
          >
            <button
              class="sc-dlfnuX isYWZy"
            />
            <button
              class="sc-dlfnuX isYWZy"
            />
            <button
              class="sc-dlfnuX isYWZy"
            />
            <button
              class="sc-dlfnuX isYWZy"
            />
            <button
              class="sc-dlfnuX isYWZy"
            />
            <button
              class="sc-dlfnuX isYWZy"
            />
            <button
              class="sc-dlfnuX isYWZy"
            />
            <button
              class="sc-dlfnuX isYWZy"
            />
            <button
              class="sc-dlfnuX isYWZy"
            />
          </div>
          <div
            class="sc-eCstlR fQbJtK"
          >
            <button
              class="sc-jSgvzq bXgwQG"
            >
              ↻
            </button>
          </div>
        </div>
        <p
          class="sc-gKseQn bfNwkI"
        >
          Next player: X
        </p>
      </div>
    </div>
  </div>,
  "debug": [Function],
  "findAllByAltText": [Function],
  "findAllByDisplayValue": [Function],
  "findAllByLabelText": [Function],
  "findAllByPlaceholderText": [Function],
  "findAllByRole": [Function],
  "findAllByTestId": [Function],
  "findAllByText": [Function],
  "findAllByTitle": [Function],
  "findByAltText": [Function],
  "findByDisplayValue": [Function],
  "findByLabelText": [Function],
  "findByPlaceholderText": [Function],
  "findByRole": [Function],
  "findByTestId": [Function],
  "findByText": [Function],
  "findByTitle": [Function],
  "getAllByAltText": [Function],
  "getAllByDisplayValue": [Function],
  "getAllByLabelText": [Function],
  "getAllByPlaceholderText": [Function],
  "getAllByRole": [Function],
  "getAllByTestId": [Function],
  "getAllByText": [Function],
  "getAllByTitle": [Function],
  "getByAltText": [Function],
  "getByDisplayValue": [Function],
  "getByLabelText": [Function],
  "getByPlaceholderText": [Function],
  "getByRole": [Function],
  "getByTestId": [Function],
  "getByText": [Function],
  "getByTitle": [Function],
  "queryAllByAltText": [Function],
  "queryAllByDisplayValue": [Function],
  "queryAllByLabelText": [Function],
  "queryAllByPlaceholderText": [Function],
  "queryAllByRole": [Function],
  "queryAllByTestId": [Function],
  "queryAllByText": [Function],
  "queryAllByTitle": [Function],
  "queryByAltText": [Function],
  "queryByDisplayValue": [Function],
  "queryByLabelText": [Function],
  "queryByPlaceholderText": [Function],
  "queryByRole": [Function],
  "queryByTestId": [Function],
  "queryByText": [Function],
  "queryByTitle": [Function],
  "rerender": [Function],
  "unmount": [Function],
}
`;
